// Jest Snapshot v1, https://goo.gl/fbAQLP

exports[`SearchContextMenu should filter list by spec when searching 1`] = `
Array [
  <SearchContextMenuItem
    description="Your repositories on Sourcegraph"
    isDefault={false}
    key="2"
    onKeyDown={[Function]}
    searchFilter="ser"
    selectSearchContextSpec={[Function]}
    selected={false}
    spec="@username"
    telemetryService={
      Object {
        "log": [Function],
        "logViewEvent": [Function],
      }
    }
  >
    <small
      class="font-weight-medium itemName"
      data-testid="search-context-menu-item-name"
      title="@username"
    >
      <button
        className="item dropdown-item"
        data-search-context-spec="@username"
        data-testid="search-context-menu-item"
        onClick={[Function]}
        onKeyDown={[Function]}
        role="menuitem"
        tabIndex="0"
        type="button"
      >
        <small
          className="font-weight-medium itemName"
          data-testid="search-context-menu-item-name"
          title="@username"
        >
          <HighlightedSearchContextSpec
            searchFilter="ser"
            spec="@username"
          >
            @
            username
          </HighlightedSearchContextSpec>
        </small>

        <small
          className="itemDescription"
          title="Your repositories on Sourcegraph"
        >
          Your repositories on Sourcegraph
        </small>
      </button>
    </DropdownItem>
  </SearchContextMenuItem>,
  <SearchContextMenuItem
    description="Only code in version 1.5"
    isDefault={false}
    key="3"
    onKeyDown={[Function]}
    searchFilter="ser"
    selectSearchContextSpec={[Function]}
    selected={false}
    spec="@username/test-version-1.5"
    telemetryService={
      Object {
        "log": [Function],
        "logViewEvent": [Function],
      }
    }
  >
    <small
      class="font-weight-medium itemName"
      data-testid="search-context-menu-item-name"
      title="@username/test-version-1.5"
    >
      @
      username
      /
      test-version-1.5
    </small>

    <small
      class="itemDescription"
      title="Only code in version 1.5"
    >
      Only code in version 1.5
    </small>
  </button>,
]
`;
